// Jest Snapshot v1, https://goo.gl/fbAQLP

exports[`renders correctly by default 1`] = `
"<div class="el-select base-select">
  <div class="select-trigger el-tooltip__trigger el-tooltip__trigger">
    <!--v-if-->
    <div class="el-input el-input--suffix">
      <!-- input -->
      <!-- prepend slot -->
      <!--v-if-->
      <div class="el-input__wrapper">
        <!-- prefix slot -->
        <!--v-if--><input class="el-input__inner" type="text" readonly="" autocomplete="off" tabindex="0" placeholder="请选择"><!-- suffix slot --><span class="el-input__suffix"><span class="el-input__suffix-inner"><i class="el-icon el-select__caret el-select__icon"><svg viewBox="0 0 1024 1024" xmlns="http://www.w3.org/2000/svg"><path fill="currentColor" d="M831.872 340.864 512 652.672 192.128 340.864a30.592 30.592 0 0 0-42.752 0 29.12 29.12 0 0 0 0 41.6L489.664 714.24a32 32 0 0 0 44.672 0l340.288-331.712a29.12 29.12 0 0 0 0-41.728 30.592 30.592 0 0 0-42.752 0z"></path></svg></i><!--v-if--><!--v-if--><!--v-if--><!--v-if--><!--v-if--><!--v-if--></span></span>
      </div><!-- append slot -->
      <!--v-if-->
    </div>
  </div>
  <!--teleport start-->
  <!--teleport end-->
</div>"
`;
